2025-03-03 12:36:49,969 - INFO - [31m[1mWARNING: This is a development server. Do not use it in a production deployment. Use a production WSGI server instead.[0m
 * Running on http://127.0.0.1:5000
2025-03-03 12:36:49,969 - INFO - [33mPress CTRL+C to quit[0m
2025-03-03 12:37:13,455 - INFO - 127.0.0.1 - - [03/Mar/2025 12:37:13] "POST /fonctionalite/getByCriteria HTTP/1.1" 200 -
2025-03-03 12:52:23,487 - INFO - 127.0.0.1 - - [03/Mar/2025 12:52:23] "POST /fonctionalite/getByCriteria HTTP/1.1" 200 -
2025-03-03 12:52:25,362 - INFO - 127.0.0.1 - - [03/Mar/2025 12:52:25] "POST /fonctionalite/getByCriteria HTTP/1.1" 200 -
2025-03-03 12:55:28,016 - INFO - 127.0.0.1 - - [03/Mar/2025 12:55:28] "POST /fonctionalite/getByCriteria HTTP/1.1" 200 -
2025-03-03 12:55:40,280 - INFO - [31m[1mWARNING: This is a development server. Do not use it in a production deployment. Use a production WSGI server instead.[0m
 * Running on http://127.0.0.1:5000
2025-03-03 12:55:40,280 - INFO - [33mPress CTRL+C to quit[0m
2025-03-03 12:55:43,265 - INFO - **** Begin get_fonctionalite ****
2025-03-03 12:55:43,265 - INFO - /fonctionalite/getByCriteria
2025-03-03 12:55:43,409 - INFO - **** response received ****
2025-03-03 12:55:43,409 - INFO - {'items': [], 'count': 0, 'message': {'message': 'DATA EMPTY', 'code': 400}, 'code': 200}
2025-03-03 12:55:43,409 - INFO - **** End get_fonctionalite ****
2025-03-03 12:55:43,410 - INFO - 127.0.0.1 - - [03/Mar/2025 12:55:43] "POST /fonctionalite/getByCriteria HTTP/1.1" 200 -
2025-03-03 12:56:47,343 - INFO - [31m[1mWARNING: This is a development server. Do not use it in a production deployment. Use a production WSGI server instead.[0m
 * Running on http://127.0.0.1:5000
2025-03-03 12:56:47,343 - INFO - [33mPress CTRL+C to quit[0m
2025-03-03 12:56:50,191 - INFO - **** Begin get_fonctionalite ****
2025-03-03 12:56:50,192 - INFO - /fonctionalite/getByCriteria
2025-03-03 12:56:50,193 - INFO - **** request sent ****
2025-03-03 12:56:50,193 - INFO - {'index': 0, 'size': 10, 'data': {'code': '', 'libelle': ''}}
2025-03-03 12:56:50,330 - INFO - **** response received ****
2025-03-03 12:56:50,330 - INFO - {'items': [], 'count': 0, 'message': {'message': 'DATA EMPTY', 'code': 400}, 'code': 200}
2025-03-03 12:56:50,330 - INFO - **** End get_fonctionalite ****
2025-03-03 12:56:50,331 - INFO - 127.0.0.1 - - [03/Mar/2025 12:56:50] "POST /fonctionalite/getByCriteria HTTP/1.1" 200 -
2025-03-03 13:07:58,429 - INFO - [31m[1mWARNING: This is a development server. Do not use it in a production deployment. Use a production WSGI server instead.[0m
 * Running on http://127.0.0.1:5000
2025-03-03 13:07:58,429 - INFO - [33mPress CTRL+C to quit[0m
2025-03-03 13:10:07,025 - INFO - 127.0.0.1 - - [03/Mar/2025 13:10:07] "[33mGET /kyc/header/enrichement HTTP/1.1[0m" 404 -
2025-03-03 13:10:32,772 - INFO - [31m[1mWARNING: This is a development server. Do not use it in a production deployment. Use a production WSGI server instead.[0m
 * Running on http://127.0.0.1:5000
2025-03-03 13:10:32,773 - INFO - [33mPress CTRL+C to quit[0m
2025-03-03 13:10:35,831 - INFO - 127.0.0.1 - - [03/Mar/2025 13:10:35] "GET /kyc/header/enrichement HTTP/1.1" 200 -
2025-03-03 13:11:47,173 - INFO - [31m[1mWARNING: This is a development server. Do not use it in a production deployment. Use a production WSGI server instead.[0m
 * Running on http://127.0.0.1:5000
2025-03-03 13:11:47,173 - INFO - [33mPress CTRL+C to quit[0m
2025-03-03 13:11:49,912 - INFO - **** Begin get_header_enrichement ****
2025-03-03 13:11:49,913 - INFO - /kyc/header/enrichement
2025-03-03 13:11:49,913 - INFO - **** End get_header_enrichement ****
2025-03-03 13:11:49,917 - INFO - 127.0.0.1 - - [03/Mar/2025 13:11:49] "GET /kyc/header/enrichement HTTP/1.1" 200 -
2025-03-03 13:17:34,044 - INFO - [31m[1mWARNING: This is a development server. Do not use it in a production deployment. Use a production WSGI server instead.[0m
 * Running on http://127.0.0.1:5000
2025-03-03 13:17:34,044 - INFO - [33mPress CTRL+C to quit[0m
2025-03-03 13:17:34,046 - INFO -  * Restarting with stat
2025-03-03 13:17:34,565 - WARNING -  * Debugger is active!
2025-03-03 13:17:34,583 - INFO -  * Debugger PIN: 379-692-067
2025-03-03 13:17:56,193 - INFO -  * Detected change in '/Users/louisinnocentkouadio/Documents/workspace-flask/PROJET-OLIB/fusion_kya_kyc/src/routes/fonctionalite.py', reloading
2025-03-03 13:17:56,293 - INFO -  * Restarting with stat
2025-03-03 13:17:56,912 - WARNING -  * Debugger is active!
2025-03-03 13:17:56,924 - INFO -  * Debugger PIN: 379-692-067
2025-03-03 13:18:16,314 - INFO -  * Detected change in '/Users/louisinnocentkouadio/Documents/workspace-flask/PROJET-OLIB/fusion_kya_kyc/src/routes/user.py', reloading
2025-03-03 13:18:16,421 - INFO -  * Restarting with stat
2025-03-03 13:18:17,040 - WARNING -  * Debugger is active!
2025-03-03 13:18:17,064 - INFO -  * Debugger PIN: 379-692-067
2025-03-03 13:18:26,908 - INFO -  * Detected change in '/Users/louisinnocentkouadio/Documents/workspace-flask/PROJET-OLIB/fusion_kya_kyc/src/routes/user.py', reloading
2025-03-03 13:18:27,005 - INFO -  * Restarting with stat
2025-03-03 13:18:27,597 - WARNING -  * Debugger is active!
2025-03-03 13:18:27,608 - INFO -  * Debugger PIN: 379-692-067
2025-03-03 13:18:34,147 - INFO -  * Detected change in '/Users/louisinnocentkouadio/Documents/workspace-flask/PROJET-OLIB/fusion_kya_kyc/src/routes/user.py', reloading
2025-03-03 13:18:34,235 - INFO -  * Restarting with stat
2025-03-03 13:18:34,930 - WARNING -  * Debugger is active!
2025-03-03 13:18:34,951 - INFO -  * Debugger PIN: 379-692-067
2025-03-03 13:18:59,690 - INFO -  * Detected change in '/Users/louisinnocentkouadio/Documents/workspace-flask/PROJET-OLIB/fusion_kya_kyc/src/routes/user.py', reloading
2025-03-03 13:18:59,788 - INFO -  * Restarting with stat
2025-03-03 13:19:00,419 - WARNING -  * Debugger is active!
2025-03-03 13:19:00,431 - INFO -  * Debugger PIN: 379-692-067
2025-03-03 13:19:03,804 - INFO -  * Detected change in '/Users/louisinnocentkouadio/Documents/workspace-flask/PROJET-OLIB/fusion_kya_kyc/src/routes/user.py', reloading
2025-03-03 13:19:03,905 - INFO -  * Restarting with stat
2025-03-03 13:19:04,415 - WARNING -  * Debugger is active!
2025-03-03 13:19:04,426 - INFO -  * Debugger PIN: 379-692-067
2025-03-03 13:19:06,681 - INFO -  * Detected change in '/Users/louisinnocentkouadio/Documents/workspace-flask/PROJET-OLIB/fusion_kya_kyc/src/routes/user.py', reloading
2025-03-03 13:19:06,777 - INFO -  * Restarting with stat
2025-03-03 13:19:07,265 - WARNING -  * Debugger is active!
2025-03-03 13:19:07,277 - INFO -  * Debugger PIN: 379-692-067
2025-03-03 13:19:26,602 - INFO -  * Detected change in '/Users/louisinnocentkouadio/Documents/workspace-flask/PROJET-OLIB/fusion_kya_kyc/src/routes/user.py', reloading
2025-03-03 13:19:26,674 - INFO -  * Restarting with stat
2025-03-03 13:19:27,368 - WARNING -  * Debugger is active!
2025-03-03 13:19:27,381 - INFO -  * Debugger PIN: 379-692-067
2025-03-03 13:19:28,536 - INFO -  * Detected change in '/Users/louisinnocentkouadio/Documents/workspace-flask/PROJET-OLIB/fusion_kya_kyc/src/routes/user.py', reloading
2025-03-03 13:19:28,608 - INFO -  * Restarting with stat
2025-03-03 13:19:29,286 - WARNING -  * Debugger is active!
2025-03-03 13:19:29,297 - INFO -  * Debugger PIN: 379-692-067
2025-03-03 13:19:36,809 - INFO -  * Detected change in '/Users/louisinnocentkouadio/Documents/workspace-flask/PROJET-OLIB/fusion_kya_kyc/src/routes/user.py', reloading
2025-03-03 13:19:36,950 - INFO -  * Restarting with stat
2025-03-03 13:19:37,639 - WARNING -  * Debugger is active!
2025-03-03 13:19:37,653 - INFO -  * Debugger PIN: 379-692-067
2025-03-03 13:19:48,450 - INFO -  * Detected change in '/Users/louisinnocentkouadio/Documents/workspace-flask/PROJET-OLIB/fusion_kya_kyc/src/routes/user.py', reloading
2025-03-03 13:19:48,525 - INFO -  * Restarting with stat
2025-03-03 13:19:49,221 - WARNING -  * Debugger is active!
2025-03-03 13:19:49,251 - INFO -  * Debugger PIN: 379-692-067
2025-03-03 13:19:53,657 - INFO -  * Detected change in '/Users/louisinnocentkouadio/Documents/workspace-flask/PROJET-OLIB/fusion_kya_kyc/src/routes/user.py', reloading
2025-03-03 13:19:53,749 - INFO -  * Restarting with stat
2025-03-03 13:19:54,296 - WARNING -  * Debugger is active!
2025-03-03 13:19:54,308 - INFO -  * Debugger PIN: 379-692-067
2025-03-03 13:19:59,770 - INFO -  * Detected change in '/Users/louisinnocentkouadio/Documents/workspace-flask/PROJET-OLIB/fusion_kya_kyc/src/routes/user.py', reloading
2025-03-03 13:19:59,873 - INFO -  * Restarting with stat
2025-03-03 13:20:00,494 - WARNING -  * Debugger is active!
2025-03-03 13:20:00,509 - INFO -  * Debugger PIN: 379-692-067
2025-03-03 13:20:03,791 - INFO -  * Detected change in '/Users/louisinnocentkouadio/Documents/workspace-flask/PROJET-OLIB/fusion_kya_kyc/src/routes/user.py', reloading
2025-03-03 13:20:03,879 - INFO -  * Restarting with stat
2025-03-03 13:20:04,459 - WARNING -  * Debugger is active!
2025-03-03 13:20:04,479 - INFO -  * Debugger PIN: 379-692-067
2025-03-03 13:20:09,913 - INFO -  * Detected change in '/Users/louisinnocentkouadio/Documents/workspace-flask/PROJET-OLIB/fusion_kya_kyc/src/routes/user.py', reloading
2025-03-03 13:20:09,998 - INFO -  * Restarting with stat
2025-03-03 13:20:10,518 - WARNING -  * Debugger is active!
2025-03-03 13:20:10,530 - INFO -  * Debugger PIN: 379-692-067
2025-03-03 13:20:12,777 - INFO -  * Detected change in '/Users/louisinnocentkouadio/Documents/workspace-flask/PROJET-OLIB/fusion_kya_kyc/src/routes/user.py', reloading
2025-03-03 13:20:12,845 - INFO -  * Restarting with stat
2025-03-03 13:20:13,380 - WARNING -  * Debugger is active!
2025-03-03 13:20:13,392 - INFO -  * Debugger PIN: 379-692-067
2025-03-03 13:20:17,751 - INFO -  * Detected change in '/Users/louisinnocentkouadio/Documents/workspace-flask/PROJET-OLIB/fusion_kya_kyc/src/routes/user.py', reloading
2025-03-03 13:20:17,824 - INFO -  * Restarting with stat
2025-03-03 13:20:18,377 - WARNING -  * Debugger is active!
2025-03-03 13:20:18,389 - INFO -  * Debugger PIN: 379-692-067
2025-03-03 13:22:35,584 - INFO -  * Detected change in '/Users/louisinnocentkouadio/Documents/workspace-flask/PROJET-OLIB/fusion_kya_kyc/src/routes/user.py', reloading
2025-03-03 13:22:35,677 - INFO -  * Restarting with stat
2025-03-03 13:22:36,328 - WARNING -  * Debugger is active!
2025-03-03 13:22:36,341 - INFO -  * Debugger PIN: 379-692-067
2025-03-03 13:22:43,979 - INFO -  * Detected change in '/Users/louisinnocentkouadio/Documents/workspace-flask/PROJET-OLIB/fusion_kya_kyc/src/routes/user.py', reloading
2025-03-03 13:22:44,068 - INFO -  * Restarting with stat
2025-03-03 13:22:44,686 - WARNING -  * Debugger is active!
2025-03-03 13:22:44,698 - INFO -  * Debugger PIN: 379-692-067
2025-03-03 13:22:48,005 - INFO -  * Detected change in '/Users/louisinnocentkouadio/Documents/workspace-flask/PROJET-OLIB/fusion_kya_kyc/src/routes/user.py', reloading
2025-03-03 13:22:48,093 - INFO -  * Restarting with stat
2025-03-03 13:22:48,648 - WARNING -  * Debugger is active!
2025-03-03 13:22:48,660 - INFO -  * Debugger PIN: 379-692-067
2025-03-03 13:22:55,246 - INFO -  * Detected change in '/Users/louisinnocentkouadio/Documents/workspace-flask/PROJET-OLIB/fusion_kya_kyc/src/routes/user.py', reloading
2025-03-03 13:22:55,327 - INFO -  * Restarting with stat
2025-03-03 13:22:55,839 - WARNING -  * Debugger is active!
2025-03-03 13:22:55,870 - INFO -  * Debugger PIN: 379-692-067
2025-03-03 13:23:05,688 - INFO -  * Detected change in '/Users/louisinnocentkouadio/Documents/workspace-flask/PROJET-OLIB/fusion_kya_kyc/src/routes/user.py', reloading
2025-03-03 13:23:05,759 - INFO -  * Restarting with stat
2025-03-03 13:23:06,259 - WARNING -  * Debugger is active!
2025-03-03 13:23:06,273 - INFO -  * Debugger PIN: 379-692-067
2025-03-03 13:23:07,464 - INFO -  * Detected change in '/Users/louisinnocentkouadio/Documents/workspace-flask/PROJET-OLIB/fusion_kya_kyc/src/routes/user.py', reloading
2025-03-03 13:23:07,529 - INFO -  * Restarting with stat
2025-03-03 13:23:08,015 - WARNING -  * Debugger is active!
2025-03-03 13:23:08,026 - INFO -  * Debugger PIN: 379-692-067
2025-03-03 13:23:09,194 - INFO -  * Detected change in '/Users/louisinnocentkouadio/Documents/workspace-flask/PROJET-OLIB/fusion_kya_kyc/src/routes/user.py', reloading
2025-03-03 13:23:09,270 - INFO -  * Restarting with stat
2025-03-03 13:23:09,764 - WARNING -  * Debugger is active!
2025-03-03 13:23:09,776 - INFO -  * Debugger PIN: 379-692-067
2025-03-03 13:23:10,956 - INFO -  * Detected change in '/Users/louisinnocentkouadio/Documents/workspace-flask/PROJET-OLIB/fusion_kya_kyc/src/routes/user.py', reloading
2025-03-03 13:23:11,019 - INFO -  * Restarting with stat
2025-03-03 13:23:11,507 - WARNING -  * Debugger is active!
2025-03-03 13:23:11,519 - INFO -  * Debugger PIN: 379-692-067
2025-03-03 13:23:12,667 - INFO -  * Detected change in '/Users/louisinnocentkouadio/Documents/workspace-flask/PROJET-OLIB/fusion_kya_kyc/src/routes/user.py', reloading
2025-03-03 13:23:12,740 - INFO -  * Restarting with stat
2025-03-03 13:23:13,228 - WARNING -  * Debugger is active!
2025-03-03 13:23:13,239 - INFO -  * Debugger PIN: 379-692-067
2025-03-03 13:23:14,430 - INFO -  * Detected change in '/Users/louisinnocentkouadio/Documents/workspace-flask/PROJET-OLIB/fusion_kya_kyc/src/routes/user.py', reloading
2025-03-03 13:23:14,524 - INFO -  * Restarting with stat
2025-03-03 13:23:15,002 - WARNING -  * Debugger is active!
2025-03-03 13:23:15,013 - INFO -  * Debugger PIN: 379-692-067
2025-03-03 13:23:16,174 - INFO -  * Detected change in '/Users/louisinnocentkouadio/Documents/workspace-flask/PROJET-OLIB/fusion_kya_kyc/src/routes/user.py', reloading
2025-03-03 13:23:16,256 - INFO -  * Restarting with stat
2025-03-03 13:23:16,750 - WARNING -  * Debugger is active!
2025-03-03 13:23:16,762 - INFO -  * Debugger PIN: 379-692-067
2025-03-03 13:23:17,929 - INFO -  * Detected change in '/Users/louisinnocentkouadio/Documents/workspace-flask/PROJET-OLIB/fusion_kya_kyc/src/routes/user.py', reloading
2025-03-03 13:23:18,000 - INFO -  * Restarting with stat
2025-03-03 13:23:18,493 - WARNING -  * Debugger is active!
2025-03-03 13:23:18,504 - INFO -  * Debugger PIN: 379-692-067
2025-03-03 13:23:53,107 - INFO -  * Detected change in '/Users/louisinnocentkouadio/Documents/workspace-flask/PROJET-OLIB/fusion_kya_kyc/src/routes/user.py', reloading
2025-03-03 13:23:53,201 - INFO -  * Restarting with stat
2025-03-03 13:23:53,862 - WARNING -  * Debugger is active!
2025-03-03 13:23:53,877 - INFO -  * Debugger PIN: 379-692-067
2025-03-03 13:23:57,242 - INFO -  * Detected change in '/Users/louisinnocentkouadio/Documents/workspace-flask/PROJET-OLIB/fusion_kya_kyc/src/routes/user.py', reloading
2025-03-03 13:23:57,325 - INFO -  * Restarting with stat
2025-03-03 13:23:57,844 - WARNING -  * Debugger is active!
2025-03-03 13:23:57,858 - INFO -  * Debugger PIN: 379-692-067
2025-03-03 13:23:59,023 - INFO -  * Detected change in '/Users/louisinnocentkouadio/Documents/workspace-flask/PROJET-OLIB/fusion_kya_kyc/src/routes/user.py', reloading
2025-03-03 13:23:59,089 - INFO -  * Restarting with stat
2025-03-03 13:23:59,588 - WARNING -  * Debugger is active!
2025-03-03 13:23:59,601 - INFO -  * Debugger PIN: 379-692-067
2025-03-03 13:24:04,009 - INFO -  * Detected change in '/Users/louisinnocentkouadio/Documents/workspace-flask/PROJET-OLIB/fusion_kya_kyc/src/routes/user.py', reloading
2025-03-03 13:24:04,107 - INFO -  * Restarting with stat
2025-03-03 13:24:04,673 - WARNING -  * Debugger is active!
2025-03-03 13:24:04,690 - INFO -  * Debugger PIN: 379-692-067
2025-03-03 13:24:05,886 - INFO -  * Detected change in '/Users/louisinnocentkouadio/Documents/workspace-flask/PROJET-OLIB/fusion_kya_kyc/src/routes/user.py', reloading
2025-03-03 13:24:05,996 - INFO -  * Restarting with stat
2025-03-03 13:24:06,527 - WARNING -  * Debugger is active!
2025-03-03 13:24:06,539 - INFO -  * Debugger PIN: 379-692-067
2025-03-03 13:24:07,715 - INFO -  * Detected change in '/Users/louisinnocentkouadio/Documents/workspace-flask/PROJET-OLIB/fusion_kya_kyc/src/routes/user.py', reloading
2025-03-03 13:24:07,783 - INFO -  * Restarting with stat
2025-03-03 13:24:08,304 - WARNING -  * Debugger is active!
2025-03-03 13:24:08,316 - INFO -  * Debugger PIN: 379-692-067
2025-03-03 13:24:29,843 - INFO -  * Detected change in '/Users/louisinnocentkouadio/Documents/workspace-flask/PROJET-OLIB/fusion_kya_kyc/src/routes/user.py', reloading
2025-03-03 13:24:29,948 - INFO -  * Restarting with stat
2025-03-03 13:24:30,736 - WARNING -  * Debugger is active!
2025-03-03 13:24:30,767 - INFO -  * Debugger PIN: 379-692-067
2025-03-03 13:24:39,456 - INFO -  * Detected change in '/Users/louisinnocentkouadio/Documents/workspace-flask/PROJET-OLIB/fusion_kya_kyc/src/routes/user.py', reloading
2025-03-03 13:24:39,542 - INFO -  * Restarting with stat
2025-03-03 13:24:40,180 - WARNING -  * Debugger is active!
2025-03-03 13:24:40,191 - INFO -  * Debugger PIN: 379-692-067
2025-03-03 13:24:43,548 - INFO -  * Detected change in '/Users/louisinnocentkouadio/Documents/workspace-flask/PROJET-OLIB/fusion_kya_kyc/src/routes/user.py', reloading
2025-03-03 13:24:43,624 - INFO -  * Restarting with stat
2025-03-03 13:24:44,121 - WARNING -  * Debugger is active!
2025-03-03 13:24:44,132 - INFO -  * Debugger PIN: 379-692-067
2025-03-03 13:25:07,929 - INFO -  * Detected change in '/Users/louisinnocentkouadio/Documents/workspace-flask/PROJET-OLIB/fusion_kya_kyc/src/routes/user.py', reloading
2025-03-03 13:25:08,025 - INFO -  * Restarting with stat
2025-03-03 13:25:08,632 - WARNING -  * Debugger is active!
2025-03-03 13:25:08,646 - INFO -  * Debugger PIN: 379-692-067
2025-03-03 13:25:48,702 - INFO -  * Detected change in '/Users/louisinnocentkouadio/Documents/workspace-flask/PROJET-OLIB/fusion_kya_kyc/src/routes/user.py', reloading
2025-03-03 13:25:48,808 - INFO -  * Restarting with stat
2025-03-03 13:25:49,424 - WARNING -  * Debugger is active!
2025-03-03 13:25:49,439 - INFO -  * Debugger PIN: 379-692-067
2025-03-03 13:25:55,951 - INFO -  * Detected change in '/Users/louisinnocentkouadio/Documents/workspace-flask/PROJET-OLIB/fusion_kya_kyc/src/routes/user.py', reloading
2025-03-03 13:25:56,031 - INFO -  * Restarting with stat
2025-03-03 13:25:56,617 - WARNING -  * Debugger is active!
2025-03-03 13:25:56,628 - INFO -  * Debugger PIN: 379-692-067
2025-03-03 13:26:04,263 - INFO -  * Detected change in '/Users/louisinnocentkouadio/Documents/workspace-flask/PROJET-OLIB/fusion_kya_kyc/src/routes/user.py', reloading
2025-03-03 13:26:04,340 - INFO -  * Restarting with stat
2025-03-03 13:26:04,936 - WARNING -  * Debugger is active!
2025-03-03 13:26:04,955 - INFO -  * Debugger PIN: 379-692-067
2025-03-03 13:26:06,131 - INFO -  * Detected change in '/Users/louisinnocentkouadio/Documents/workspace-flask/PROJET-OLIB/fusion_kya_kyc/src/routes/user.py', reloading
2025-03-03 13:26:06,199 - INFO -  * Restarting with stat
2025-03-03 13:26:06,686 - WARNING -  * Debugger is active!
2025-03-03 13:26:06,696 - INFO -  * Debugger PIN: 379-692-067
2025-03-03 13:26:13,279 - INFO -  * Detected change in '/Users/louisinnocentkouadio/Documents/workspace-flask/PROJET-OLIB/fusion_kya_kyc/src/routes/user.py', reloading
2025-03-03 13:26:13,357 - INFO -  * Restarting with stat
2025-03-03 13:26:13,859 - WARNING -  * Debugger is active!
2025-03-03 13:26:13,872 - INFO -  * Debugger PIN: 379-692-067
2025-03-03 13:26:15,070 - INFO -  * Detected change in '/Users/louisinnocentkouadio/Documents/workspace-flask/PROJET-OLIB/fusion_kya_kyc/src/routes/user.py', reloading
2025-03-03 13:26:15,153 - INFO -  * Restarting with stat
2025-03-03 13:26:15,667 - WARNING -  * Debugger is active!
2025-03-03 13:26:15,679 - INFO -  * Debugger PIN: 379-692-067
2025-03-03 13:43:24,815 - INFO -  * Detected change in '/Users/louisinnocentkouadio/Documents/workspace-flask/PROJET-OLIB/fusion_kya_kyc/src/routes/user.py', reloading
2025-03-03 13:43:24,906 - INFO -  * Restarting with stat
2025-03-03 13:43:25,534 - WARNING -  * Debugger is active!
2025-03-03 13:43:25,554 - INFO -  * Debugger PIN: 379-692-067
2025-03-03 13:43:47,272 - INFO -  * Detected change in '/Users/louisinnocentkouadio/Documents/workspace-flask/PROJET-OLIB/fusion_kya_kyc/src/routes/user.py', reloading
2025-03-03 13:43:47,353 - INFO -  * Restarting with stat
2025-03-03 13:43:47,947 - WARNING -  * Debugger is active!
2025-03-03 13:43:47,970 - INFO -  * Debugger PIN: 379-692-067
2025-03-03 13:44:36,040 - INFO -  * Detected change in '/Users/louisinnocentkouadio/Documents/workspace-flask/PROJET-OLIB/fusion_kya_kyc/src/routes/user.py', reloading
2025-03-03 13:44:36,135 - INFO -  * Restarting with stat
2025-03-03 13:44:36,768 - WARNING -  * Debugger is active!
2025-03-03 13:44:36,816 - INFO -  * Debugger PIN: 379-692-067
2025-03-03 13:44:48,783 - INFO -  * Detected change in '/Users/louisinnocentkouadio/Documents/workspace-flask/PROJET-OLIB/fusion_kya_kyc/src/routes/user.py', reloading
2025-03-03 13:44:48,864 - INFO -  * Restarting with stat
2025-03-03 13:44:49,463 - WARNING -  * Debugger is active!
2025-03-03 13:44:49,475 - INFO -  * Debugger PIN: 379-692-067
2025-03-03 13:44:51,718 - INFO -  * Detected change in '/Users/louisinnocentkouadio/Documents/workspace-flask/PROJET-OLIB/fusion_kya_kyc/src/routes/user.py', reloading
2025-03-03 13:44:51,806 - INFO -  * Restarting with stat
2025-03-03 13:44:52,302 - WARNING -  * Debugger is active!
2025-03-03 13:44:52,313 - INFO -  * Debugger PIN: 379-692-067
2025-03-03 13:45:04,256 - INFO -  * Detected change in '/Users/louisinnocentkouadio/Documents/workspace-flask/PROJET-OLIB/fusion_kya_kyc/src/routes/user.py', reloading
2025-03-03 13:45:04,352 - INFO -  * Restarting with stat
2025-03-03 13:45:04,958 - WARNING -  * Debugger is active!
2025-03-03 13:45:04,974 - INFO -  * Debugger PIN: 379-692-067
2025-03-03 13:45:19,108 - INFO -  * Detected change in '/Users/louisinnocentkouadio/Documents/workspace-flask/PROJET-OLIB/fusion_kya_kyc/src/routes/user.py', reloading
2025-03-03 13:45:19,193 - INFO -  * Restarting with stat
2025-03-03 13:45:19,810 - WARNING -  * Debugger is active!
2025-03-03 13:45:19,822 - INFO -  * Debugger PIN: 379-692-067
2025-03-03 13:45:28,517 - INFO -  * Detected change in '/Users/louisinnocentkouadio/Documents/workspace-flask/PROJET-OLIB/fusion_kya_kyc/src/routes/user.py', reloading
2025-03-03 13:45:28,605 - INFO -  * Restarting with stat
2025-03-03 13:45:29,177 - WARNING -  * Debugger is active!
2025-03-03 13:45:29,188 - INFO -  * Debugger PIN: 379-692-067
2025-03-03 13:45:31,439 - INFO -  * Detected change in '/Users/louisinnocentkouadio/Documents/workspace-flask/PROJET-OLIB/fusion_kya_kyc/src/routes/user.py', reloading
2025-03-03 13:45:31,528 - INFO -  * Restarting with stat
2025-03-03 13:45:32,021 - WARNING -  * Debugger is active!
2025-03-03 13:45:32,032 - INFO -  * Debugger PIN: 379-692-067
2025-03-03 13:45:34,258 - INFO -  * Detected change in '/Users/louisinnocentkouadio/Documents/workspace-flask/PROJET-OLIB/fusion_kya_kyc/src/routes/user.py', reloading
2025-03-03 13:45:34,346 - INFO -  * Restarting with stat
2025-03-03 13:45:34,855 - WARNING -  * Debugger is active!
2025-03-03 13:45:34,867 - INFO -  * Debugger PIN: 379-692-067
2025-03-03 13:45:36,018 - INFO -  * Detected change in '/Users/louisinnocentkouadio/Documents/workspace-flask/PROJET-OLIB/fusion_kya_kyc/src/routes/user.py', reloading
2025-03-03 13:45:36,093 - INFO -  * Restarting with stat
2025-03-03 13:45:36,591 - WARNING -  * Debugger is active!
2025-03-03 13:45:36,605 - INFO -  * Debugger PIN: 379-692-067
2025-03-03 13:45:37,781 - INFO -  * Detected change in '/Users/louisinnocentkouadio/Documents/workspace-flask/PROJET-OLIB/fusion_kya_kyc/src/routes/user.py', reloading
2025-03-03 13:45:37,858 - INFO -  * Restarting with stat
2025-03-03 13:45:38,381 - WARNING -  * Debugger is active!
2025-03-03 13:45:38,392 - INFO -  * Debugger PIN: 379-692-067
2025-03-03 13:45:39,577 - INFO -  * Detected change in '/Users/louisinnocentkouadio/Documents/workspace-flask/PROJET-OLIB/fusion_kya_kyc/src/routes/user.py', reloading
2025-03-03 13:45:39,655 - INFO -  * Restarting with stat
2025-03-03 13:45:40,241 - WARNING -  * Debugger is active!
2025-03-03 13:45:40,257 - INFO -  * Debugger PIN: 379-692-067
2025-03-03 13:45:45,696 - INFO -  * Detected change in '/Users/louisinnocentkouadio/Documents/workspace-flask/PROJET-OLIB/fusion_kya_kyc/src/routes/user.py', reloading
2025-03-03 13:45:45,773 - INFO -  * Restarting with stat
2025-03-03 13:45:46,261 - WARNING -  * Debugger is active!
2025-03-03 13:45:46,272 - INFO -  * Debugger PIN: 379-692-067
2025-03-03 13:46:00,273 - INFO -  * Detected change in '/Users/louisinnocentkouadio/Documents/workspace-flask/PROJET-OLIB/fusion_kya_kyc/src/routes/user.py', reloading
2025-03-03 13:46:00,357 - INFO -  * Restarting with stat
2025-03-03 13:46:00,995 - WARNING -  * Debugger is active!
2025-03-03 13:46:01,010 - INFO -  * Debugger PIN: 379-692-067
2025-03-03 13:46:08,604 - INFO -  * Detected change in '/Users/louisinnocentkouadio/Documents/workspace-flask/PROJET-OLIB/fusion_kya_kyc/src/routes/user.py', reloading
2025-03-03 13:46:08,686 - INFO -  * Restarting with stat
2025-03-03 13:46:09,297 - WARNING -  * Debugger is active!
2025-03-03 13:46:09,312 - INFO -  * Debugger PIN: 379-692-067
2025-03-03 13:46:14,788 - INFO -  * Detected change in '/Users/louisinnocentkouadio/Documents/workspace-flask/PROJET-OLIB/fusion_kya_kyc/src/routes/user.py', reloading
2025-03-03 13:46:14,869 - INFO -  * Restarting with stat
2025-03-03 13:46:15,373 - WARNING -  * Debugger is active!
2025-03-03 13:46:15,385 - INFO -  * Debugger PIN: 379-692-067
2025-03-03 13:46:18,712 - INFO -  * Detected change in '/Users/louisinnocentkouadio/Documents/workspace-flask/PROJET-OLIB/fusion_kya_kyc/src/routes/user.py', reloading
2025-03-03 13:46:18,789 - INFO -  * Restarting with stat
2025-03-03 13:46:19,278 - WARNING -  * Debugger is active!
2025-03-03 13:46:19,290 - INFO -  * Debugger PIN: 379-692-067
2025-03-03 13:48:48,599 - INFO -  * Detected change in '/Users/louisinnocentkouadio/Documents/workspace-flask/PROJET-OLIB/fusion_kya_kyc/src/routes/user.py', reloading
2025-03-03 13:48:48,698 - INFO -  * Restarting with stat
2025-03-03 13:48:49,331 - WARNING -  * Debugger is active!
2025-03-03 13:48:49,357 - INFO -  * Debugger PIN: 379-692-067
2025-03-03 15:18:07,230 - INFO -  * Detected change in '/Users/louisinnocentkouadio/Documents/workspace-flask/PROJET-OLIB/fusion_kya_kyc/src/routes/user.py', reloading
2025-03-03 15:18:07,373 - INFO -  * Restarting with stat
2025-03-03 15:18:08,052 - WARNING -  * Debugger is active!
2025-03-03 15:18:08,070 - INFO -  * Debugger PIN: 379-692-067
2025-03-03 15:18:09,261 - INFO -  * Detected change in '/Users/louisinnocentkouadio/Documents/workspace-flask/PROJET-OLIB/fusion_kya_kyc/src/routes/user.py', reloading
2025-03-03 15:18:09,383 - INFO -  * Restarting with stat
2025-03-03 15:18:09,958 - WARNING -  * Debugger is active!
2025-03-03 15:18:09,978 - INFO -  * Debugger PIN: 379-692-067
2025-03-03 17:20:33,544 - INFO -  * Detected change in '/Users/louisinnocentkouadio/Documents/workspace-flask/PROJET-OLIB/fusion_kya_kyc/src/redis_template.py', reloading
2025-03-03 17:20:33,719 - INFO -  * Restarting with stat
2025-03-03 17:20:34,389 - WARNING -  * Debugger is active!
2025-03-03 17:20:34,408 - INFO -  * Debugger PIN: 379-692-067
2025-03-03 17:26:41,370 - INFO -  * Detected change in '/Users/louisinnocentkouadio/Documents/workspace-flask/PROJET-OLIB/fusion_kya_kyc/src/redis_template.py', reloading
2025-03-03 17:26:41,465 - INFO -  * Restarting with stat
2025-03-03 17:26:42,109 - WARNING -  * Debugger is active!
2025-03-03 17:26:42,126 - INFO -  * Debugger PIN: 379-692-067
